ComFunction (FunctionDefinition "foo" (BraceGroup [(First (Pipeline Straight [ComSimple (SimpleCommand [] [] [[Bare ":"]])]),Seq)]) [])
