Right [(First (Pipeline Straight [ComSimple (SimpleCommand [] [] [[Bare "adsf"]])]),Seq)]
